#-----------------------------------------------------------
# Vivado v2018.2 (64-bit)
# SW Build 2258646 on Thu Jun 14 20:03:12 MDT 2018
# IP Build 2256618 on Thu Jun 14 22:10:49 MDT 2018
# Start of session at: Sun Jul 10 21:50:35 2022
# Process ID: 4724
# Current directory: C:/Users/Ravindu Nagasinghe/Desktop/project_new
# Command line: vivado.exe -gui_launcher_event rodinguilauncherevent18340 C:\Users\Ravindu Nagasinghe\Desktop\project_new\project_new.xpr
# Log file: C:/Users/Ravindu Nagasinghe/Desktop/project_new/vivado.log
# Journal file: C:/Users/Ravindu Nagasinghe/Desktop/project_new\vivado.jou
#-----------------------------------------------------------
start_gui
open_project {C:/Users/Ravindu Nagasinghe/Desktop/project_new/project_new.xpr}
update_compile_order -fileset sources_1
launch_simulation
open_wave_config {C:/Users/Ravindu Nagasinghe/Desktop/project_new/project_new.srcs/sim_1/imports/Vivado project Errors Fixed/Processor_behav.wcfg}
source Processor.tcl
restart
add_force {/Processor/en} -radix hex {1 0ns}
add_force {/Processor/clk} -radix hex {1 0ns} {0 5000ps} -repeat_every 10000ps
run all
close_sim
launch_simulation
open_wave_config {C:/Users/Ravindu Nagasinghe/Desktop/project_new/project_new.srcs/sim_1/imports/Vivado project Errors Fixed/Processor_behav.wcfg}
source Processor.tcl
restart
add_force {/Processor/en} -radix hex {1 0ns}
add_force {/Processor/clk} -radix hex {1 0ns} {0 5000ps} -repeat_every 10000ps
run all
close_sim
launch_simulation
open_wave_config {C:/Users/Ravindu Nagasinghe/Desktop/project_new/project_new.srcs/sim_1/imports/Vivado project Errors Fixed/Processor_behav.wcfg}
source Processor.tcl
restart
add_force {/Processor/en} -radix hex {1 0ns}
add_force {/Processor/clk} -radix hex {1 0ns} {0 5000ps} -repeat_every 10000ps
run all
close_sim
launch_simulation
open_wave_config {C:/Users/Ravindu Nagasinghe/Desktop/project_new/project_new.srcs/sim_1/imports/Vivado project Errors Fixed/Processor_behav.wcfg}
source Processor.tcl
restart
add_force {/Processor/en} -radix hex {1 0ns}
add_force {/Processor/clk} -radix hex {1 0ns} {0 5000ps} -repeat_every 10000ps
run all
close_sim
launch_simulation
open_wave_config {C:/Users/Ravindu Nagasinghe/Desktop/project_new/project_new.srcs/sim_1/imports/Vivado project Errors Fixed/Processor_behav.wcfg}
source Processor.tcl
restart
add_force {/Processor/en} -radix hex {1 0ns}
add_force {/Processor/clk} -radix hex {1 0ns} {0 5000ps} -repeat_every 10000ps
run all
close_sim
launch_simulation
open_wave_config {C:/Users/Ravindu Nagasinghe/Desktop/project_new/project_new.srcs/sim_1/imports/Vivado project Errors Fixed/Processor_behav.wcfg}
source Processor.tcl
restart
add_force {/Processor/en} -radix hex {1 0ns}
add_force {/Processor/clk} -radix hex {1 0ns} {0 5000ps} -repeat_every 10000ps
run all
close_sim
launch_simulation
open_wave_config {C:/Users/Ravindu Nagasinghe/Desktop/project_new/project_new.srcs/sim_1/imports/Vivado project Errors Fixed/Processor_behav.wcfg}
source Processor.tcl
restart
add_force {/Processor/en} -radix hex {1 0ns}
add_force {/Processor/clk} -radix hex {1 0ns} {0 5000ps} -repeat_every 10000ps
run all
close_sim
launch_simulation
open_wave_config {C:/Users/Ravindu Nagasinghe/Desktop/project_new/project_new.srcs/sim_1/imports/Vivado project Errors Fixed/Processor_behav.wcfg}
source Processor.tcl
restart
add_force {/Processor/en} -radix hex {1 0ns}
add_force {/Processor/clk} -radix hex {1 0ns} {0 5000ps} -repeat_every 10000ps
run all
close_sim
launch_simulation
open_wave_config {C:/Users/Ravindu Nagasinghe/Desktop/project_new/project_new.srcs/sim_1/imports/Vivado project Errors Fixed/Processor_behav.wcfg}
source Processor.tcl
restart
add_force {/Processor/en} -radix hex {1 0ns}
add_force {/Processor/clk} -radix hex {1 0ns} {0 5000ps} -repeat_every 10000ps
run all
close_sim
